// Jest Snapshot v1, https://goo.gl/fbAQLP

exports[`Button Button component renders correctly 1`] = `
<button
  className="sc-bdVaJa fYLfvP"
>
  My Button
</button>
`;
